Copyright 1986-2022 Xilinx, Inc. All Rights Reserved. Copyright 2022-2024 Advanced Micro Devices, Inc. All Rights Reserved.
----------------------------------------------------------------------------------------------------------------------------------------------------------------------
| Tool Version     : Vivado v.2024.2 (win64) Build 5239630 Fri Nov 08 22:35:27 MST 2024
| Date             : Tue Apr 28 01:06:01 2026
| Host             : C27-5CG3123P67 running 64-bit major release  (build 9200)
| Command          : report_power -file design_1_wrapper_power_routed.rpt -pb design_1_wrapper_power_summary_routed.pb -rpx design_1_wrapper_power_routed.rpx
| Design           : design_1_wrapper
| Device           : xc7a200tsbg484-1
| Design State     : routed
| Grade            : commercial
| Process          : typical
| Characterization : Production
----------------------------------------------------------------------------------------------------------------------------------------------------------------------

Power Report

Table of Contents
-----------------
1. Summary
1.1 On-Chip Components
1.2 Power Supply Summary
1.3 Confidence Level
2. Settings
2.1 Environment
2.2 Clock Constraints
3. Detailed Reports
3.1 By Hierarchy

1. Summary
----------

+--------------------------+--------------+
| Total On-Chip Power (W)  | 1.324        |
| Design Power Budget (W)  | Unspecified* |
| Power Budget Margin (W)  | NA           |
| Dynamic (W)              | 1.168        |
| Device Static (W)        | 0.155        |
| Effective TJA (C/W)      | 3.3          |
| Max Ambient (C)          | 80.6         |
| Junction Temperature (C) | 29.4         |
| Confidence Level         | Low          |
| Setting File             | ---          |
| Simulation Activity File | ---          |
| Design Nets Matched      | NA           |
+--------------------------+--------------+
* Specify Design Power Budget using, set_operating_conditions -design_power_budget <value in Watts>


1.1 On-Chip Components
----------------------

+--------------------------+-----------+----------+-----------+-----------------+
| On-Chip                  | Power (W) | Used     | Available | Utilization (%) |
+--------------------------+-----------+----------+-----------+-----------------+
| Clocks                   |     0.041 |       15 |       --- |             --- |
| Slice Logic              |     0.056 |    37304 |       --- |             --- |
|   LUT as Logic           |     0.050 |    15281 |    133800 |           11.42 |
|   LUT as Distributed RAM |     0.003 |      924 |     46200 |            2.00 |
|   Register               |     0.002 |    13249 |    267600 |            4.95 |
|   F7/F8 Muxes            |    <0.001 |      966 |    133800 |            0.72 |
|   CARRY4                 |    <0.001 |      540 |     33450 |            1.61 |
|   LUT as Shift Register  |    <0.001 |      466 |     46200 |            1.01 |
|   BUFG                   |    <0.001 |        1 |        32 |            3.13 |
|   Others                 |    <0.001 |     1513 |       --- |             --- |
|   BUFR                   |     0.000 |        1 |       160 |            0.63 |
| Signals                  |     0.072 |    27288 |       --- |             --- |
| Block RAM                |     0.109 |       67 |       365 |           18.36 |
| MMCM                     |     0.392 |        4 |        10 |           40.00 |
| PLL                      |     0.086 |        1 |        10 |           10.00 |
| I/O                      |     0.399 |       69 |       285 |           24.21 |
| PHASER                   |     0.010 |       14 |       --- |             --- |
| XADC                     |     0.004 |        1 |       --- |             --- |
| Static Power             |     0.155 |          |           |                 |
| Total                    |     1.324 |          |           |                 |
+--------------------------+-----------+----------+-----------+-----------------+


1.2 Power Supply Summary
------------------------

+-----------+-------------+-----------+-------------+------------+-------------+-------------+------------+
| Source    | Voltage (V) | Total (A) | Dynamic (A) | Static (A) | Powerup (A) | Budget (A)  | Margin (A) |
+-----------+-------------+-----------+-------------+------------+-------------+-------------+------------+
| Vccint    |       1.000 |     0.319 |       0.282 |      0.037 |       NA    | Unspecified | NA         |
| Vccaux    |       1.800 |     0.341 |       0.310 |      0.031 |       NA    | Unspecified | NA         |
| Vcco33    |       3.300 |     0.046 |       0.041 |      0.005 |       NA    | Unspecified | NA         |
| Vcco25    |       2.500 |     0.000 |       0.000 |      0.000 |       NA    | Unspecified | NA         |
| Vcco18    |       1.800 |     0.000 |       0.000 |      0.000 |       NA    | Unspecified | NA         |
| Vcco15    |       1.500 |     0.126 |       0.121 |      0.005 |       NA    | Unspecified | NA         |
| Vcco135   |       1.350 |     0.000 |       0.000 |      0.000 |       NA    | Unspecified | NA         |
| Vcco12    |       1.200 |     0.000 |       0.000 |      0.000 |       NA    | Unspecified | NA         |
| Vccaux_io |       1.800 |     0.000 |       0.000 |      0.000 |       NA    | Unspecified | NA         |
| Vccbram   |       1.000 |     0.011 |       0.008 |      0.003 |       NA    | Unspecified | NA         |
| MGTAVcc   |       1.000 |     0.000 |       0.000 |      0.000 |       NA    | Unspecified | NA         |
| MGTAVtt   |       1.200 |     0.000 |       0.000 |      0.000 |       NA    | Unspecified | NA         |
| Vccadc    |       1.800 |     0.022 |       0.002 |      0.020 |       NA    | Unspecified | NA         |
+-----------+-------------+-----------+-------------+------------+-------------+-------------+------------+


1.3 Confidence Level
--------------------

+-----------------------------+------------+--------------------------------------------------------+--------------------------------------------------------------------------------------------------------------------+
| User Input Data             | Confidence | Details                                                | Action                                                                                                             |
+-----------------------------+------------+--------------------------------------------------------+--------------------------------------------------------------------------------------------------------------------+
| Design implementation state | High       | Design is routed                                       |                                                                                                                    |
| Clock nodes activity        | Low        | User specified less than 75% of clocks                 | Provide missing clock activity with a constraint file, simulation results or by editing the "By Clock Domain" view |
| I/O nodes activity          | Low        | More than 75% of inputs are missing user specification | Provide missing input activity with simulation results or by editing the "By Resource Type -> I/Os" view           |
| Internal nodes activity     | Medium     | User specified less than 25% of internal nodes         | Provide missing internal nodes activity with simulation results or by editing the "By Resource Type" views         |
| Device models               | High       | Device models are Production                           |                                                                                                                    |
|                             |            |                                                        |                                                                                                                    |
| Overall confidence level    | Low        |                                                        |                                                                                                                    |
+-----------------------------+------------+--------------------------------------------------------+--------------------------------------------------------------------------------------------------------------------+


2. Settings
-----------

2.1 Environment
---------------

+-----------------------+--------------------------+
| Ambient Temp (C)      | 25.0                     |
| ThetaJA (C/W)         | 3.3                      |
| Airflow (LFM)         | 250                      |
| Heat Sink             | medium (Medium Profile)  |
| ThetaSA (C/W)         | 4.6                      |
| Board Selection       | medium (10"x10")         |
| # of Board Layers     | 12to15 (12 to 15 Layers) |
| Board Temperature (C) | 25.0                     |
+-----------------------+--------------------------+


2.2 Clock Constraints
---------------------

+------------------------------------------------------------+--------------------------------------------------------------------------------------------------------------------------------------------------------------------------------+-----------------+
| Clock                                                      | Domain                                                                                                                                                                         | Constraint (ns) |
+------------------------------------------------------------+--------------------------------------------------------------------------------------------------------------------------------------------------------------------------------+-----------------+
| clk_out1_clk_wiz_0_1                                       | design_1_i/My_FinalProject_IP_0/U0/My_FinalProject_IP_slave_lite_v1_0_S00_AXI_inst/final_project_inst/datapath/video_inst/mmcm_adv_inst_display_clocks/inst/clk_out1_clk_wiz_0 |            40.0 |
| clk_out1_clk_wiz_1_1                                       | design_1_i/My_FinalProject_IP_0/U0/My_FinalProject_IP_slave_lite_v1_0_S00_AXI_inst/final_project_inst/doodleAudio/Audio_Codec/audiocodec_master_clock/inst/clk_out1_clk_wiz_1  |            81.4 |
| clk_out1_design_1_clk_wiz_1_0                              | design_1_i/clk_wiz_1/inst/clk_out1                                                                                                                                             |            10.0 |
| clk_out1_design_1_clk_wiz_1_0                              | design_1_i/clk_wiz_1/inst/clk_out1_design_1_clk_wiz_1_0                                                                                                                        |            10.0 |
| clk_out2_clk_wiz_0_1                                       | design_1_i/My_FinalProject_IP_0/U0/My_FinalProject_IP_slave_lite_v1_0_S00_AXI_inst/final_project_inst/datapath/video_inst/mmcm_adv_inst_display_clocks/inst/clk_out2_clk_wiz_0 |             8.0 |
| clk_out2_design_1_clk_wiz_1_0                              | design_1_i/clk_wiz_1/inst/clk_out2_design_1_clk_wiz_1_0                                                                                                                        |             5.0 |
| clkfbout_clk_wiz_0_1                                       | design_1_i/My_FinalProject_IP_0/U0/My_FinalProject_IP_slave_lite_v1_0_S00_AXI_inst/final_project_inst/datapath/video_inst/mmcm_adv_inst_display_clocks/inst/clkfbout_clk_wiz_0 |            10.0 |
| clkfbout_clk_wiz_1_1                                       | design_1_i/My_FinalProject_IP_0/U0/My_FinalProject_IP_slave_lite_v1_0_S00_AXI_inst/final_project_inst/doodleAudio/Audio_Codec/audiocodec_master_clock/inst/clkfbout_clk_wiz_1  |            10.0 |
| clkfbout_design_1_clk_wiz_1_0                              | design_1_i/clk_wiz_1/inst/clkfbout_design_1_clk_wiz_1_0                                                                                                                        |            10.0 |
| design_1_i/clk_wiz_1/inst/clk_in1                          | design_1_i/util_ds_buf_0/U0/BUFG_O[0]                                                                                                                                          |            10.0 |
| design_1_i/mdm_1/U0/Use_E2.BSCAN_I/Use_E2.BSCANE2_I/DRCK   | design_1_i/mdm_1/U0/Use_E2.BSCAN_I/DRCK                                                                                                                                        |            33.3 |
| design_1_i/mdm_1/U0/Use_E2.BSCAN_I/Use_E2.BSCANE2_I/UPDATE | design_1_i/mdm_1/U0/Use_E2.BSCAN_I/Dbg_Update_0                                                                                                                                |            33.3 |
+------------------------------------------------------------+--------------------------------------------------------------------------------------------------------------------------------------------------------------------------------+-----------------+


3. Detailed Reports
-------------------

3.1 By Hierarchy
----------------

+--------------------------------------+-----------+
| Name                                 | Power (W) |
+--------------------------------------+-----------+
| design_1_wrapper                     |     1.168 |
|   design_1_i                         |     1.166 |
|     My_FinalProject_IP_0             |     0.493 |
|       U0                             |     0.493 |
|     axi_smc                          |     0.003 |
|       inst                           |     0.003 |
|     axi_smc_1                        |     0.034 |
|       inst                           |     0.034 |
|     clk_wiz_1                        |     0.108 |
|       inst                           |     0.108 |
|     microblaze_0                     |     0.047 |
|       U0                             |     0.047 |
|     microblaze_0_local_memory        |     0.003 |
|       lmb_bram                       |     0.003 |
|     mig_7series_0                    |     0.475 |
|       u_design_1_mig_7series_0_0_mig |     0.475 |
+--------------------------------------+-----------+


