Copyright 1986-2022 Xilinx, Inc. All Rights Reserved. Copyright 2022-2024 Advanced Micro Devices, Inc. All Rights Reserved.
---------------------------------------------------------------------------------------------------------------------------------------------
| Tool Version : Vivado v.2024.2 (win64) Build 5239630 Fri Nov 08 22:35:27 MST 2024
| Date         : Thu Feb 12 12:47:33 2026
| Host         : C27-5CG3123P67 running 64-bit major release  (build 9200)
| Command      : report_control_sets -verbose -file lab2_control_sets_placed.rpt
| Design       : lab2
| Device       : xc7a200t
---------------------------------------------------------------------------------------------------------------------------------------------

Control Set Information

Table of Contents
-----------------
1. Summary
2. Histogram
3. Flip-Flop Distribution
4. Detailed Control Set Information

1. Summary
----------

+----------------------------------------------------------+-------+
|                          Status                          | Count |
+----------------------------------------------------------+-------+
| Total control sets                                       |    26 |
|    Minimum number of control sets                        |    26 |
|    Addition due to synthesis replication                 |     0 |
|    Addition due to physical synthesis replication        |     0 |
| Unused register locations in slices containing registers |    98 |
+----------------------------------------------------------+-------+
* Control sets can be merged at opt_design using control_set_merge or merge_equivalent_drivers
** Run report_qor_suggestions for automated merging and remapping suggestions


2. Histogram
------------

+--------------------+-------+
|       Fanout       | Count |
+--------------------+-------+
| Total control sets |    26 |
| >= 0 to < 4        |     1 |
| >= 4 to < 6        |     5 |
| >= 6 to < 8        |     5 |
| >= 8 to < 10       |     2 |
| >= 10 to < 12      |     4 |
| >= 12 to < 14      |     1 |
| >= 14 to < 16      |     0 |
| >= 16              |     8 |
+--------------------+-------+
* Control sets can be remapped at either synth_design or opt_design


3. Flip-Flop Distribution
-------------------------

+--------------+-----------------------+------------------------+-----------------+--------------+
| Clock Enable | Synchronous Set/Reset | Asynchronous Set/Reset | Total Registers | Total Slices |
+--------------+-----------------------+------------------------+-----------------+--------------+
| No           | No                    | No                     |             127 |           40 |
| No           | No                    | Yes                    |               0 |            0 |
| No           | Yes                   | No                     |              75 |           27 |
| Yes          | No                    | No                     |              40 |           16 |
| Yes          | No                    | Yes                    |               0 |            0 |
| Yes          | Yes                   | No                     |             100 |           34 |
+--------------+-----------------------+------------------------+-----------------+--------------+


4. Detailed Control Set Information
-----------------------------------

+-----------------------------------------------------------------+--------------------------------------------------------------------------------+-----------------------------------------------------------------------------+------------------+----------------+--------------+
|                           Clock Signal                          |                                  Enable Signal                                 |                               Set/Reset Signal                              | Slice Load Count | Bel Load Count | Bels / Slice |
+-----------------------------------------------------------------+--------------------------------------------------------------------------------+-----------------------------------------------------------------------------+------------------+----------------+--------------+
|  datapath/video_inst/mmcm_adv_inst_display_clocks/inst/clk_out1 |                                                                                | datapath/video_inst/Inst_vga/vga_signal_gen/col_counter/processQ[8]_i_1_n_0 |                1 |              1 |         1.00 |
|  datapath/Audio_Codec/audiocodec_master_clock/inst/clk_out2     | datapath/Audio_Codec/initialize_audio/twi_controller/FSM_gray_state[3]_i_1_n_0 |                                                                             |                4 |              4 |         1.00 |
|  datapath/Audio_Codec/audiocodec_master_clock/inst/clk_out2     | datapath/Audio_Codec/initialize_audio/twi_controller/state_reg[0][0]           | datapath/Audio_Codec/initialize_audio/SR[0]                                 |                3 |              4 |         1.33 |
|  clk_IBUF_BUFG                                                  |                                                                                | datapath/Audio_Codec/audio_inout/Cnt_Bclk[4]_i_1_n_0                        |                1 |              5 |         5.00 |
|  clk_IBUF_BUFG                                                  | datapath/Audio_Codec/audio_inout/BCLK_Fall_int                                 | datapath/Audio_Codec/initialize_audio/SR[0]                                 |                1 |              5 |         5.00 |
|  datapath/video_inst/mmcm_adv_inst_display_clocks/inst/clk_out2 |                                                                                | datapath/video_inst/inst_dvid/shift_red[7]_i_1_n_0                          |                1 |              5 |         5.00 |
|  clk_IBUF_BUFG                                                  |                                                                                | datapath/Audio_Codec/initialize_audio/SR[0]                                 |                3 |              6 |         2.00 |
|  datapath/video_inst/mmcm_adv_inst_display_clocks/inst/clk_out2 |                                                                                | datapath/video_inst/inst_dvid/shift_red[9]_i_1_n_0                          |                2 |              6 |         3.00 |
|  datapath/Audio_Codec/audiocodec_master_clock/inst/clk_out2     |                                                                                | datapath/Audio_Codec/initialize_audio/twi_controller/busFreeCnt0_1          |                3 |              7 |         2.33 |
|  datapath/Audio_Codec/audiocodec_master_clock/inst/clk_out2     | datapath/Audio_Codec/initialize_audio/twi_controller/E[0]                      | datapath/Audio_Codec/initialize_audio/SR[0]                                 |                3 |              7 |         2.33 |
|  datapath/Audio_Codec/audiocodec_master_clock/inst/clk_out2     | datapath/Audio_Codec/initialize_audio/twi_controller/sclCnt[6]_i_2_n_0         | datapath/Audio_Codec/initialize_audio/twi_controller/sclCnt0_0              |                3 |              7 |         2.33 |
|  datapath/Audio_Codec/audiocodec_master_clock/inst/clk_out2     | datapath/Audio_Codec/initialize_audio/twi_controller/dataByte[7]_i_1_n_0       |                                                                             |                3 |              8 |         2.67 |
|  datapath/video_inst/mmcm_adv_inst_display_clocks/inst/clk_out1 | datapath/video_inst/Inst_vga/vga_signal_gen/col_counter/processQ1              | datapath/video_inst/Inst_vga/vga_signal_gen/col_counter/processQ[8]_i_1_n_0 |                3 |              9 |         3.00 |
|  clk_IBUF_BUFG                                                  | datapath/triggerV_stepper/debouncer/E[0]                                       | datapath/Audio_Codec/initialize_audio/SR[0]                                 |                5 |             10 |         2.00 |
|  clk_IBUF_BUFG                                                  | datapath/triggerT_stepper/debouncer/E[0]                                       | datapath/Audio_Codec/initialize_audio/SR[0]                                 |                3 |             10 |         3.33 |
|  datapath/Audio_Codec/audiocodec_master_clock/inst/clk_out2     | reset_n_IBUF                                                                   |                                                                             |                4 |             10 |         2.50 |
|  datapath/video_inst/mmcm_adv_inst_display_clocks/inst/clk_out1 | datapath/video_inst/Inst_vga/vga_signal_gen/col_counter/E[0]                   | datapath/video_inst/Inst_vga/vga_signal_gen/col_counter/SR[0]               |                3 |             10 |         3.33 |
|  datapath/video_inst/mmcm_adv_inst_display_clocks/inst/clk_out1 |                                                                                | datapath/video_inst/Inst_vga/vga_signal_gen/vga_reg[blank]_0                |                7 |             13 |         1.86 |
|  datapath/Audio_Codec/audiocodec_master_clock/inst/clk_out2     |                                                                                |                                                                             |                9 |             18 |         2.00 |
|  datapath/Audio_Codec/audiocodec_master_clock/inst/clk_out2     | datapath/Audio_Codec/initialize_audio/initWord[30]_i_1_n_0                     |                                                                             |                5 |             18 |         3.60 |
|  clk_IBUF_BUFG                                                  | datapath/triggerV_stepper/debouncer/processQ[0]_i_2_n_0                        | datapath/triggerV_stepper/debouncer/processQ[0]_i_1_n_0                     |                5 |             19 |         3.80 |
|  clk_IBUF_BUFG                                                  | datapath/triggerT_stepper/debouncer/processQ[0]_i_2__0_n_0                     | datapath/triggerT_stepper/debouncer/processQ[0]_i_1__0_n_0                  |                5 |             19 |         3.80 |
|  clk_IBUF_BUFG                                                  |                                                                                |                                                                             |               12 |             26 |         2.17 |
|  datapath/video_inst/mmcm_adv_inst_display_clocks/inst/clk_out2 |                                                                                |                                                                             |                5 |             29 |         5.80 |
|  datapath/Audio_Codec/audiocodec_master_clock/inst/clk_out2     |                                                                                | datapath/Audio_Codec/initialize_audio/delaycnt0                             |                9 |             32 |         3.56 |
|  datapath/video_inst/mmcm_adv_inst_display_clocks/inst/clk_out1 |                                                                                |                                                                             |               14 |             54 |         3.86 |
+-----------------------------------------------------------------+--------------------------------------------------------------------------------+-----------------------------------------------------------------------------+------------------+----------------+--------------+


