Copyright 1986-2022 Xilinx, Inc. All Rights Reserved. Copyright 2022-2024 Advanced Micro Devices, Inc. All Rights Reserved.
---------------------------------------------------------------------------------------------------------------------------------------------
| Tool Version : Vivado v.2024.2 (win64) Build 5239630 Fri Nov 08 22:35:27 MST 2024
| Date         : Wed Mar 11 14:56:19 2026
| Host         : C27-5CG3123P67 running 64-bit major release  (build 9200)
| Command      : report_clock_utilization -file design_1_wrapper_clock_utilization_routed.rpt
| Design       : design_1_wrapper
| Device       : 7a200t-sbg484
| Speed File   : -1  PRODUCTION 1.23 2018-06-13
| Design State : Routed
---------------------------------------------------------------------------------------------------------------------------------------------

Clock Utilization Report

Table of Contents
-----------------
1. Clock Primitive Utilization
2. Global Clock Resources
3. Global Clock Source Details
4. Local Clock Details
5. Clock Regions: Key Resource Utilization
6. Clock Regions : Global Clock Summary
7. Device Cell Placement Summary for Global Clock g0
8. Device Cell Placement Summary for Global Clock g1
9. Device Cell Placement Summary for Global Clock g2
10. Device Cell Placement Summary for Global Clock g3
11. Device Cell Placement Summary for Global Clock g4
12. Device Cell Placement Summary for Global Clock g5
13. Device Cell Placement Summary for Global Clock g6
14. Device Cell Placement Summary for Global Clock g7
15. Device Cell Placement Summary for Global Clock g8
16. Device Cell Placement Summary for Global Clock g9
17. Device Cell Placement Summary for Global Clock g10
18. Device Cell Placement Summary for Global Clock g11
19. Device Cell Placement Summary for Global Clock g12
20. Clock Region Cell Placement per Global Clock: Region X1Y0
21. Clock Region Cell Placement per Global Clock: Region X0Y1
22. Clock Region Cell Placement per Global Clock: Region X1Y1
23. Clock Region Cell Placement per Global Clock: Region X0Y2
24. Clock Region Cell Placement per Global Clock: Region X1Y2
25. Clock Region Cell Placement per Global Clock: Region X0Y3
26. Clock Region Cell Placement per Global Clock: Region X1Y3

1. Clock Primitive Utilization
------------------------------

+----------+------+-----------+-----+--------------+--------+
| Type     | Used | Available | LOC | Clock Region | Pblock |
+----------+------+-----------+-----+--------------+--------+
| BUFGCTRL |   12 |        32 |   0 |            0 |      0 |
| BUFH     |    1 |       120 |   0 |            0 |      0 |
| BUFIO    |    0 |        40 |   0 |            0 |      0 |
| BUFMR    |    0 |        20 |   0 |            0 |      0 |
| BUFR     |    0 |        40 |   0 |            0 |      0 |
| MMCM     |    4 |        10 |   1 |            0 |      0 |
| PLL      |    1 |        10 |   1 |            0 |      0 |
+----------+------+-----------+-----+--------------+--------+


2. Global Clock Resources
-------------------------

+-----------+-----------+-----------------+------------+----------------+--------------+-------------------+-------------+-----------------+--------------+------------------------------------------------------------+-------------------------------------------------------------------------------------------------------------------------------------------------+----------------------------------------------------------------------------------------------------------------------------------------------------------+
| Global Id | Source Id | Driver Type/Pin | Constraint | Site           | Clock Region | Load Clock Region | Clock Loads | Non-Clock Loads | Clock Period | Clock                                                      | Driver Pin                                                                                                                                      | Net                                                                                                                                                      |
+-----------+-----------+-----------------+------------+----------------+--------------+-------------------+-------------+-----------------+--------------+------------------------------------------------------------+-------------------------------------------------------------------------------------------------------------------------------------------------+----------------------------------------------------------------------------------------------------------------------------------------------------------+
| g0        | src0      | BUFG/O          | None       | BUFGCTRL_X0Y16 | n/a          |                 4 |        6690 |               0 |              |                                                            | design_1_i/mig_7series_0/u_design_1_mig_7series_0_0_mig/u_ddr3_infrastructure/u_bufg_clkdiv0/O                                                  | design_1_i/mig_7series_0/u_design_1_mig_7series_0_0_mig/u_ddr3_infrastructure/CLK                                                                        |
| g1        | src1      | BUFG/O          | None       | BUFGCTRL_X0Y4  | n/a          |                 4 |        6190 |               0 |       10.000 | clk_out1_design_1_clk_wiz_1_0                              | design_1_i/clk_wiz_1/inst/clkout1_buf/O                                                                                                         | design_1_i/clk_wiz_1/inst/clk_out1                                                                                                                       |
| g2        | src2      | BUFG/O          | None       | BUFGCTRL_X0Y5  | n/a          |                 2 |         234 |               0 |       33.333 | design_1_i/mdm_1/U0/Use_E2.BSCAN_I/Use_E2.BSCANE2_I/DRCK   | design_1_i/mdm_1/U0/No_Dbg_Reg_Access.BUFG_DRCK/Using_FPGA.Native/O                                                                             | design_1_i/mdm_1/U0/No_Dbg_Reg_Access.BUFG_DRCK/Dbg_Clk_0                                                                                                |
| g3        | src3      | BUFG/O          | None       | BUFGCTRL_X0Y6  | n/a          |                 1 |          87 |               0 |       40.000 | clk_out1_clk_wiz_0_1                                       | design_1_i/My_Lab2_0/U0/My_Lab2_slave_lite_v1_0_S00_AXI_inst/lab2_component/datapath/video_inst/mmcm_adv_inst_display_clocks/inst/clkout1_buf/O | design_1_i/My_Lab2_0/U0/My_Lab2_slave_lite_v1_0_S00_AXI_inst/lab2_component/datapath/video_inst/mmcm_adv_inst_display_clocks/inst/clk_out1               |
| g4        | src4      | BUFG/O          | None       | BUFGCTRL_X0Y0  | n/a          |                 2 |          62 |               0 |        5.000 | clk_out2_design_1_clk_wiz_1_0                              | design_1_i/clk_wiz_1/inst/clkout2_buf/O                                                                                                         | design_1_i/clk_wiz_1/inst/clk_out2                                                                                                                       |
| g5        | src5      | BUFG/O          | None       | BUFGCTRL_X0Y1  | n/a          |                 1 |          44 |               0 |        8.000 | clk_out2_clk_wiz_0_1                                       | design_1_i/My_Lab2_0/U0/My_Lab2_slave_lite_v1_0_S00_AXI_inst/lab2_component/datapath/video_inst/mmcm_adv_inst_display_clocks/inst/clkout2_buf/O | design_1_i/My_Lab2_0/U0/My_Lab2_slave_lite_v1_0_S00_AXI_inst/lab2_component/datapath/video_inst/mmcm_adv_inst_display_clocks/inst/clk_out2               |
| g6        | src6      | BUFG/O          | None       | BUFGCTRL_X0Y7  | n/a          |                 2 |          39 |               1 |       33.333 | design_1_i/mdm_1/U0/Use_E2.BSCAN_I/Use_E2.BSCANE2_I/UPDATE | design_1_i/mdm_1/U0/Use_E2.BSCAN_I/Dbg_Update_0_BUFG_inst/O                                                                                     | design_1_i/mdm_1/U0/Use_E2.BSCAN_I/Dbg_Update_0_BUFG                                                                                                     |
| g7        | src7      | BUFG/O          | None       | BUFGCTRL_X0Y2  | n/a          |                 2 |           2 |               0 |              |                                                            | design_1_i/util_ds_buf_0/U0/USE_BUFG.GEN_BUFG[0].BUFG_U/O                                                                                       | design_1_i/util_ds_buf_0/U0/BUFG_O[0]                                                                                                                    |
| g8        | src8      | BUFG/O          | None       | BUFGCTRL_X0Y8  | n/a          |                 1 |           1 |               0 |       10.000 | clkfbout_clk_wiz_1_1                                       | design_1_i/My_Lab2_0/U0/My_Lab2_slave_lite_v1_0_S00_AXI_inst/lab2_component/datapath/Audio_Codec/audiocodec_master_clock/inst/clkf_buf/O        | design_1_i/My_Lab2_0/U0/My_Lab2_slave_lite_v1_0_S00_AXI_inst/lab2_component/datapath/Audio_Codec/audiocodec_master_clock/inst/clkfbout_buf_clk_wiz_1     |
| g9        | src9      | BUFG/O          | None       | BUFGCTRL_X0Y9  | n/a          |                 1 |           1 |               0 |       10.000 | clkfbout_clk_wiz_0_1                                       | design_1_i/My_Lab2_0/U0/My_Lab2_slave_lite_v1_0_S00_AXI_inst/lab2_component/datapath/video_inst/mmcm_adv_inst_display_clocks/inst/clkf_buf/O    | design_1_i/My_Lab2_0/U0/My_Lab2_slave_lite_v1_0_S00_AXI_inst/lab2_component/datapath/video_inst/mmcm_adv_inst_display_clocks/inst/clkfbout_buf_clk_wiz_0 |
| g10       | src10     | BUFG/O          | None       | BUFGCTRL_X0Y10 | n/a          |                 1 |           1 |               0 |       10.000 | clkfbout_design_1_clk_wiz_1_0                              | design_1_i/clk_wiz_1/inst/clkf_buf/O                                                                                                            | design_1_i/clk_wiz_1/inst/clkfbout_buf_design_1_clk_wiz_1_0                                                                                              |
| g11       | src11     | BUFH/O          | None       | BUFHCE_X1Y36   | X1Y3         |                 1 |           1 |               0 |              |                                                            | design_1_i/mig_7series_0/u_design_1_mig_7series_0_0_mig/u_ddr3_infrastructure/u_bufh_pll_clk3/O                                                 | design_1_i/mig_7series_0/u_design_1_mig_7series_0_0_mig/u_ddr3_infrastructure/pll_clk3                                                                   |
| g12       | src12     | BUFG/O          | None       | BUFGCTRL_X0Y3  | n/a          |                 1 |           0 |               1 |       81.375 | clk_out1_clk_wiz_1_1                                       | design_1_i/My_Lab2_0/U0/My_Lab2_slave_lite_v1_0_S00_AXI_inst/lab2_component/datapath/Audio_Codec/audiocodec_master_clock/inst/clkout1_buf/O     | design_1_i/My_Lab2_0/U0/My_Lab2_slave_lite_v1_0_S00_AXI_inst/lab2_component/datapath/Audio_Codec/audiocodec_master_clock/inst/clk_out1                   |
+-----------+-----------+-----------------+------------+----------------+--------------+-------------------+-------------+-----------------+--------------+------------------------------------------------------------+-------------------------------------------------------------------------------------------------------------------------------------------------+----------------------------------------------------------------------------------------------------------------------------------------------------------+
* Clock Loads column represents cell count of net connects that connect to a clock pin. Internal cell leaf pins are not considered
** Non-Clock Loads column represents cell count of non-clock pin loads


3. Global Clock Source Details
------------------------------

+-----------+-----------+---------------------+-----------------+-----------------+--------------+-------------+-----------------+---------------------+------------------------------------------------------------+----------------------------------------------------------------------------------------------------------------------------------------------------------+------------------------------------------------------------------------------------------------------------------------------------------------------+
| Source Id | Global Id | Driver Type/Pin     | Constraint      | Site            | Clock Region | Clock Loads | Non-Clock Loads | Source Clock Period | Source Clock                                               | Driver Pin                                                                                                                                               | Net                                                                                                                                                  |
+-----------+-----------+---------------------+-----------------+-----------------+--------------+-------------+-----------------+---------------------+------------------------------------------------------------+----------------------------------------------------------------------------------------------------------------------------------------------------------+------------------------------------------------------------------------------------------------------------------------------------------------------+
| src0      | g0        | MMCME2_ADV/CLKFBOUT | MMCME2_ADV_X1Y3 | MMCME2_ADV_X1Y3 | X1Y3         |           1 |               0 |                     |                                                            | design_1_i/mig_7series_0/u_design_1_mig_7series_0_0_mig/u_ddr3_infrastructure/gen_ui_extra_clocks.mmcm_i/CLKFBOUT                                        | design_1_i/mig_7series_0/u_design_1_mig_7series_0_0_mig/u_ddr3_infrastructure/clk_pll_i                                                              |
| src1      | g1        | MMCME2_ADV/CLKOUT0  | None            | MMCME2_ADV_X1Y0 | X1Y0         |           1 |               0 |              10.000 | clk_out1_design_1_clk_wiz_1_0                              | design_1_i/clk_wiz_1/inst/mmcm_adv_inst/CLKOUT0                                                                                                          | design_1_i/clk_wiz_1/inst/clk_out1_design_1_clk_wiz_1_0                                                                                              |
| src2      | g2        | BSCANE2/DRCK        | None            | BSCAN_X0Y1      | X0Y2         |           1 |               0 |              33.333 | design_1_i/mdm_1/U0/Use_E2.BSCAN_I/Use_E2.BSCANE2_I/DRCK   | design_1_i/mdm_1/U0/Use_E2.BSCAN_I/Use_E2.BSCANE2_I/DRCK                                                                                                 | design_1_i/mdm_1/U0/Use_E2.BSCAN_I/DRCK                                                                                                              |
| src3      | g3        | MMCME2_ADV/CLKOUT0  | None            | MMCME2_ADV_X0Y2 | X0Y2         |           1 |               0 |              40.000 | clk_out1_clk_wiz_0_1                                       | design_1_i/My_Lab2_0/U0/My_Lab2_slave_lite_v1_0_S00_AXI_inst/lab2_component/datapath/video_inst/mmcm_adv_inst_display_clocks/inst/mmcm_adv_inst/CLKOUT0  | design_1_i/My_Lab2_0/U0/My_Lab2_slave_lite_v1_0_S00_AXI_inst/lab2_component/datapath/video_inst/mmcm_adv_inst_display_clocks/inst/clk_out1_clk_wiz_0 |
| src4      | g4        | MMCME2_ADV/CLKOUT1  | None            | MMCME2_ADV_X1Y0 | X1Y0         |           1 |               0 |               5.000 | clk_out2_design_1_clk_wiz_1_0                              | design_1_i/clk_wiz_1/inst/mmcm_adv_inst/CLKOUT1                                                                                                          | design_1_i/clk_wiz_1/inst/clk_out2_design_1_clk_wiz_1_0                                                                                              |
| src5      | g5        | MMCME2_ADV/CLKOUT1  | None            | MMCME2_ADV_X0Y2 | X0Y2         |           1 |               0 |               8.000 | clk_out2_clk_wiz_0_1                                       | design_1_i/My_Lab2_0/U0/My_Lab2_slave_lite_v1_0_S00_AXI_inst/lab2_component/datapath/video_inst/mmcm_adv_inst_display_clocks/inst/mmcm_adv_inst/CLKOUT1  | design_1_i/My_Lab2_0/U0/My_Lab2_slave_lite_v1_0_S00_AXI_inst/lab2_component/datapath/video_inst/mmcm_adv_inst_display_clocks/inst/clk_out2_clk_wiz_0 |
| src6      | g6        | BSCANE2/UPDATE      | None            | BSCAN_X0Y1      | X0Y2         |           1 |               0 |              33.333 | design_1_i/mdm_1/U0/Use_E2.BSCAN_I/Use_E2.BSCANE2_I/UPDATE | design_1_i/mdm_1/U0/Use_E2.BSCAN_I/Use_E2.BSCANE2_I/UPDATE                                                                                               | design_1_i/mdm_1/U0/Use_E2.BSCAN_I/Dbg_Update_0                                                                                                      |
| src7      | g7        | IBUF/O              | IOB_X1Y124      | IOB_X1Y124      | X1Y2         |           1 |               0 |                     |                                                            | sys_clock_IBUF_inst/O                                                                                                                                    | sys_clock_IBUF                                                                                                                                       |
| src8      | g8        | MMCME2_ADV/CLKFBOUT | None            | MMCME2_ADV_X1Y2 | X1Y2         |           1 |               0 |              10.000 | clkfbout_clk_wiz_1_1                                       | design_1_i/My_Lab2_0/U0/My_Lab2_slave_lite_v1_0_S00_AXI_inst/lab2_component/datapath/Audio_Codec/audiocodec_master_clock/inst/mmcm_adv_inst/CLKFBOUT     | design_1_i/My_Lab2_0/U0/My_Lab2_slave_lite_v1_0_S00_AXI_inst/lab2_component/datapath/Audio_Codec/audiocodec_master_clock/inst/clkfbout_clk_wiz_1     |
| src9      | g9        | MMCME2_ADV/CLKFBOUT | None            | MMCME2_ADV_X0Y2 | X0Y2         |           1 |               0 |              10.000 | clkfbout_clk_wiz_0_1                                       | design_1_i/My_Lab2_0/U0/My_Lab2_slave_lite_v1_0_S00_AXI_inst/lab2_component/datapath/video_inst/mmcm_adv_inst_display_clocks/inst/mmcm_adv_inst/CLKFBOUT | design_1_i/My_Lab2_0/U0/My_Lab2_slave_lite_v1_0_S00_AXI_inst/lab2_component/datapath/video_inst/mmcm_adv_inst_display_clocks/inst/clkfbout_clk_wiz_0 |
| src10     | g10       | MMCME2_ADV/CLKFBOUT | None            | MMCME2_ADV_X1Y0 | X1Y0         |           1 |               0 |              10.000 | clkfbout_design_1_clk_wiz_1_0                              | design_1_i/clk_wiz_1/inst/mmcm_adv_inst/CLKFBOUT                                                                                                         | design_1_i/clk_wiz_1/inst/clkfbout_design_1_clk_wiz_1_0                                                                                              |
| src11     | g11       | PLLE2_ADV/CLKOUT3   | PLLE2_ADV_X1Y3  | PLLE2_ADV_X1Y3  | X1Y3         |           1 |               0 |                     |                                                            | design_1_i/mig_7series_0/u_design_1_mig_7series_0_0_mig/u_ddr3_infrastructure/plle2_i/CLKOUT3                                                            | design_1_i/mig_7series_0/u_design_1_mig_7series_0_0_mig/u_ddr3_infrastructure/pll_clk3_out                                                           |
| src12     | g12       | MMCME2_ADV/CLKOUT0  | None            | MMCME2_ADV_X1Y2 | X1Y2         |           1 |               0 |              81.375 | clk_out1_clk_wiz_1_1                                       | design_1_i/My_Lab2_0/U0/My_Lab2_slave_lite_v1_0_S00_AXI_inst/lab2_component/datapath/Audio_Codec/audiocodec_master_clock/inst/mmcm_adv_inst/CLKOUT0      | design_1_i/My_Lab2_0/U0/My_Lab2_slave_lite_v1_0_S00_AXI_inst/lab2_component/datapath/Audio_Codec/audiocodec_master_clock/inst/clk_out1_clk_wiz_1     |
+-----------+-----------+---------------------+-----------------+-----------------+--------------+-------------+-----------------+---------------------+------------------------------------------------------------+----------------------------------------------------------------------------------------------------------------------------------------------------------+------------------------------------------------------------------------------------------------------------------------------------------------------+
* Clock Loads column represents cell count of net connects that connect to a clock pin. Internal cell leaf pins are not considered
** Non-Clock Loads column represents cell count of non-clock pin loads


4. Local Clock Details
----------------------

+----------+----------------------------+----------------------+-------------------------------------+--------------+-------------+-----------------+--------------+-------+------------------------------------------------------------------------------------------------------------------------------------------------------------------------------------------------------------------------------+---------------------------------------------------------------------------------------------------------------------------------------------------------------------------------------------------------------------------+
| Local Id | Driver Type/Pin            | Constraint           | Site/BEL                            | Clock Region | Clock Loads | Non-Clock Loads | Clock Period | Clock | Driver Pin                                                                                                                                                                                                                   | Net                                                                                                                                                                                                                       |
+----------+----------------------------+----------------------+-------------------------------------+--------------+-------------+-----------------+--------------+-------+------------------------------------------------------------------------------------------------------------------------------------------------------------------------------------------------------------------------------+---------------------------------------------------------------------------------------------------------------------------------------------------------------------------------------------------------------------------+
| 0        | PLLE2_ADV/CLKOUT0          | PLLE2_ADV_X1Y3       | PLLE2_ADV_X1Y3/PLLE2_ADV            | X1Y3         |           5 |               2 |              |       | design_1_i/mig_7series_0/u_design_1_mig_7series_0_0_mig/u_ddr3_infrastructure/plle2_i/CLKOUT0                                                                                                                                | design_1_i/mig_7series_0/u_design_1_mig_7series_0_0_mig/u_ddr3_infrastructure/freq_refclk                                                                                                                                 |
| 1        | PHASER_OUT_PHY/OCLKDELAYED | PHASER_OUT_PHY_X1Y14 | PHASER_OUT_PHY_X1Y14/PHASER_OUT_PHY | X1Y3         |           2 |               0 |              |       | design_1_i/mig_7series_0/u_design_1_mig_7series_0_0_mig/u_memc_ui_top_axi/mem_intfc0/ddr_phy_top0/u_ddr_mc_phy_wrapper/u_ddr_mc_phy/ddr_phy_4lanes_0.u_ddr_phy_4lanes/ddr_byte_lane_C.ddr_byte_lane_C/phaser_out/OCLKDELAYED | design_1_i/mig_7series_0/u_design_1_mig_7series_0_0_mig/u_memc_ui_top_axi/mem_intfc0/ddr_phy_top0/u_ddr_mc_phy_wrapper/u_ddr_mc_phy/ddr_phy_4lanes_0.u_ddr_phy_4lanes/ddr_byte_lane_C.ddr_byte_lane_C/oserdes_clk_delayed |
| 2        | PHASER_OUT_PHY/OCLKDELAYED | PHASER_OUT_PHY_X1Y15 | PHASER_OUT_PHY_X1Y15/PHASER_OUT_PHY | X1Y3         |           2 |               0 |              |       | design_1_i/mig_7series_0/u_design_1_mig_7series_0_0_mig/u_memc_ui_top_axi/mem_intfc0/ddr_phy_top0/u_ddr_mc_phy_wrapper/u_ddr_mc_phy/ddr_phy_4lanes_0.u_ddr_phy_4lanes/ddr_byte_lane_D.ddr_byte_lane_D/phaser_out/OCLKDELAYED | design_1_i/mig_7series_0/u_design_1_mig_7series_0_0_mig/u_memc_ui_top_axi/mem_intfc0/ddr_phy_top0/u_ddr_mc_phy_wrapper/u_ddr_mc_phy/ddr_phy_4lanes_0.u_ddr_phy_4lanes/ddr_byte_lane_D.ddr_byte_lane_D/oserdes_clk_delayed |
| 3        | PLLE2_ADV/CLKOUT1          | PLLE2_ADV_X1Y3       | PLLE2_ADV_X1Y3/PLLE2_ADV            | X1Y3         |           1 |               6 |              |       | design_1_i/mig_7series_0/u_design_1_mig_7series_0_0_mig/u_ddr3_infrastructure/plle2_i/CLKOUT1                                                                                                                                | design_1_i/mig_7series_0/u_design_1_mig_7series_0_0_mig/u_ddr3_infrastructure/mem_refclk                                                                                                                                  |
+----------+----------------------------+----------------------+-------------------------------------+--------------+-------------+-----------------+--------------+-------+------------------------------------------------------------------------------------------------------------------------------------------------------------------------------------------------------------------------------+---------------------------------------------------------------------------------------------------------------------------------------------------------------------------------------------------------------------------+
* Local Clocks in this context represents only clocks driven by non-global buffers
** Clock Loads column represents cell count of net connects that connect to a clock pin. Internal cell leaf pins are not considered
*** Non-Clock Loads column represents cell count of non-clock pin loads


5. Clock Regions: Key Resource Utilization
------------------------------------------

+-------------------+--------------+--------------+--------------+--------------+--------------+--------------+--------------+--------------+--------------+--------------+--------------+--------------+--------------+--------------+--------------+
|                   | Global Clock |     BUFRs    |    BUFMRs    |    BUFIOs    |     MMCM     |      PLL     |      GT      |      PCI     |    ILOGIC    |    OLOGIC    |      FF      |     LUTM     |    RAMB18    |    RAMB36    |    DSP48E2   |
+-------------------+------+-------+------+-------+------+-------+------+-------+------+-------+------+-------+------+-------+------+-------+------+-------+------+-------+------+-------+------+-------+------+-------+------+-------+------+-------+
| Clock Region Name | Used | Avail | Used | Avail | Used | Avail | Used | Avail | Used | Avail | Used | Avail | Used | Avail | Used | Avail | Used | Avail | Used | Avail | Used | Avail | Used | Avail | Used | Avail | Used | Avail | Used | Avail |
+-------------------+------+-------+------+-------+------+-------+------+-------+------+-------+------+-------+------+-------+------+-------+------+-------+------+-------+------+-------+------+-------+------+-------+------+-------+------+-------+
| X0Y0              |    0 |    12 |    0 |     4 |    0 |     2 |    0 |     4 |    0 |     1 |    0 |     1 |    0 |     4 |    0 |     0 |    0 |    50 |    0 |    50 |    0 |  2700 |    0 |   800 |    0 |    60 |    0 |    30 |    0 |    60 |
| X1Y0              |    2 |    12 |    0 |     4 |    0 |     2 |    0 |     4 |    1 |     1 |    0 |     1 |    0 |     4 |    0 |     0 |    0 |    50 |    0 |    50 |    0 |  2500 |    0 |   800 |    0 |    40 |    0 |    20 |    0 |    40 |
| X0Y1              |    1 |    12 |    0 |     4 |    0 |     2 |    0 |     4 |    0 |     1 |    0 |     1 |    0 |     0 |    0 |     0 |    0 |    50 |    0 |    50 |    0 |  4200 |    0 |  1400 |    0 |   100 |    1 |    50 |    0 |   100 |
| X1Y1              |    1 |    12 |    0 |     4 |    0 |     2 |    0 |     4 |    0 |     1 |    0 |     1 |    0 |     0 |    0 |     0 |    0 |    50 |    0 |    50 |  424 |  4000 |  166 |  1400 |    1 |    80 |    2 |    40 |    0 |    80 |
| X0Y2              |    5 |    12 |    0 |     4 |    0 |     2 |    0 |     4 |    1 |     1 |    0 |     1 |    0 |     0 |    0 |     0 |    0 |    50 |    0 |    50 |  346 |  3600 |   62 |  1400 |    0 |   100 |    5 |    50 |    0 |   100 |
| X1Y2              |    8 |    12 |    0 |     4 |    0 |     2 |    0 |     4 |    1 |     1 |    0 |     1 |    0 |     0 |    0 |     0 |    0 |    50 |    4 |    50 | 7552 |  4000 | 2902 |  1400 |    1 |    80 |   10 |    40 |    0 |    80 |
| X0Y3              |    2 |    12 |    0 |     4 |    0 |     2 |    0 |     4 |    0 |     1 |    0 |     1 |    0 |     0 |    0 |     0 |    0 |    50 |    0 |    50 |  350 |  3600 |  162 |  1400 |    0 |   100 |    0 |    50 |    0 |   100 |
| X1Y3              |    4 |    12 |    0 |     4 |    0 |     2 |    0 |     4 |    1 |     1 |    1 |     1 |    0 |     0 |    0 |     0 |    0 |    50 |    4 |    50 | 3816 |  4000 | 1264 |  1400 |    0 |    80 |    0 |    40 |    0 |    80 |
| X0Y4              |    0 |    12 |    0 |     4 |    0 |     2 |    0 |     4 |    0 |     1 |    0 |     1 |    0 |     4 |    0 |     1 |    0 |    50 |    0 |    50 |    0 |  2550 |    0 |   750 |    0 |    50 |    0 |    25 |    0 |    60 |
| X1Y4              |    0 |    12 |    0 |     4 |    0 |     2 |    0 |     4 |    0 |     1 |    0 |     1 |    0 |     4 |    0 |     0 |    0 |    50 |    0 |    50 |    0 |  2500 |    0 |   800 |    0 |    40 |    0 |    20 |    0 |    40 |
+-------------------+------+-------+------+-------+------+-------+------+-------+------+-------+------+-------+------+-------+------+-------+------+-------+------+-------+------+-------+------+-------+------+-------+------+-------+------+-------+
* Global Clock column represents track count; while other columns represents cell counts


6. Clock Regions : Global Clock Summary
---------------------------------------

All Modules
+----+----+----+
|    | X0 | X1 |
+----+----+----+
| Y4 |  0 |  0 |
| Y3 |  0 |  0 |
| Y2 |  0 |  0 |
| Y1 |  0 |  0 |
| Y0 |  0 |  0 |
+----+----+----+


7. Device Cell Placement Summary for Global Clock g0
----------------------------------------------------

+-----------+-----------------+-------------------+-------+-------------+---------------+-------------+----------+----------------+----------+-----------------------------------------------------------------------------------+
| Global Id | Driver Type/Pin | Driver Region (D) | Clock | Period (ns) | Waveform (ns) | Slice Loads | IO Loads | Clocking Loads | GT Loads | Net                                                                               |
+-----------+-----------------+-------------------+-------+-------------+---------------+-------------+----------+----------------+----------+-----------------------------------------------------------------------------------+
| g0        | BUFG/O          | n/a               |       |             |               |        6563 |        0 |              1 |        0 | design_1_i/mig_7series_0/u_design_1_mig_7series_0_0_mig/u_ddr3_infrastructure/CLK |
+-----------+-----------------+-------------------+-------+-------------+---------------+-------------+----------+----------------+----------+-----------------------------------------------------------------------------------+
* Slice Loads column represents load cell count of all cell types other than IO, GT and clock resources
** IO Loads column represents load cell count of IO types
*** Clocking Loads column represents load cell count that are clock resources (global clock buffer, MMCM, PLL, etc)
**** GT Loads column represents load cell count of GT types


+----+------+-------+-----------------------+
|    | X0   | X1    | HORIZONTAL PROG DELAY |
+----+------+-------+-----------------------+
| Y4 |    0 |     0 |                     - |
| Y3 |  305 |  3976 |                     0 |
| Y2 |   43 |  2240 |                     0 |
| Y1 |    0 |     0 |                     - |
| Y0 |    0 |     0 |                     - |
+----+------+-------+-----------------------+


8. Device Cell Placement Summary for Global Clock g1
----------------------------------------------------

+-----------+-----------------+-------------------+-------------------------------+-------------+---------------+-------------+----------+----------------+----------+------------------------------------+
| Global Id | Driver Type/Pin | Driver Region (D) | Clock                         | Period (ns) | Waveform (ns) | Slice Loads | IO Loads | Clocking Loads | GT Loads | Net                                |
+-----------+-----------------+-------------------+-------------------------------+-------------+---------------+-------------+----------+----------------+----------+------------------------------------+
| g1        | BUFG/O          | n/a               | clk_out1_design_1_clk_wiz_1_0 |      10.000 | {0.000 5.000} |        6054 |        0 |              2 |        0 | design_1_i/clk_wiz_1/inst/clk_out1 |
+-----------+-----------------+-------------------+-------------------------------+-------------+---------------+-------------+----------+----------------+----------+------------------------------------+
* Slice Loads column represents load cell count of all cell types other than IO, GT and clock resources
** IO Loads column represents load cell count of IO types
*** Clocking Loads column represents load cell count that are clock resources (global clock buffer, MMCM, PLL, etc)
**** GT Loads column represents load cell count of GT types


+----+------+-------+-----------------------+
|    | X0   | X1    | HORIZONTAL PROG DELAY |
+----+------+-------+-----------------------+
| Y4 |    0 |     0 |                     - |
| Y3 |    0 |     0 |                     - |
| Y2 |  167 |  5447 |                     0 |
| Y1 |    1 |   441 |                     0 |
| Y0 |    0 |     0 |                     - |
+----+------+-------+-----------------------+


9. Device Cell Placement Summary for Global Clock g2
----------------------------------------------------

+-----------+-----------------+-------------------+----------------------------------------------------------+-------------+----------------+-------------+----------+----------------+----------+-----------------------------------------------------------+
| Global Id | Driver Type/Pin | Driver Region (D) | Clock                                                    | Period (ns) | Waveform (ns)  | Slice Loads | IO Loads | Clocking Loads | GT Loads | Net                                                       |
+-----------+-----------------+-------------------+----------------------------------------------------------+-------------+----------------+-------------+----------+----------------+----------+-----------------------------------------------------------+
| g2        | BUFG/O          | n/a               | design_1_i/mdm_1/U0/Use_E2.BSCAN_I/Use_E2.BSCANE2_I/DRCK |      33.333 | {0.000 16.667} |         234 |        0 |              0 |        0 | design_1_i/mdm_1/U0/No_Dbg_Reg_Access.BUFG_DRCK/Dbg_Clk_0 |
+-----------+-----------------+-------------------+----------------------------------------------------------+-------------+----------------+-------------+----------+----------------+----------+-----------------------------------------------------------+
* Slice Loads column represents load cell count of all cell types other than IO, GT and clock resources
** IO Loads column represents load cell count of IO types
*** Clocking Loads column represents load cell count that are clock resources (global clock buffer, MMCM, PLL, etc)
**** GT Loads column represents load cell count of GT types


+----+------+------+-----------------------+
|    | X0   | X1   | HORIZONTAL PROG DELAY |
+----+------+------+-----------------------+
| Y4 |    0 |    0 |                     - |
| Y3 |    0 |    0 |                     - |
| Y2 |  114 |  120 |                     0 |
| Y1 |    0 |    0 |                     - |
| Y0 |    0 |    0 |                     - |
+----+------+------+-----------------------+


10. Device Cell Placement Summary for Global Clock g3
-----------------------------------------------------

+-----------+-----------------+-------------------+----------------------+-------------+----------------+-------------+----------+----------------+----------+--------------------------------------------------------------------------------------------------------------------------------------------+
| Global Id | Driver Type/Pin | Driver Region (D) | Clock                | Period (ns) | Waveform (ns)  | Slice Loads | IO Loads | Clocking Loads | GT Loads | Net                                                                                                                                        |
+-----------+-----------------+-------------------+----------------------+-------------+----------------+-------------+----------+----------------+----------+--------------------------------------------------------------------------------------------------------------------------------------------+
| g3        | BUFG/O          | n/a               | clk_out1_clk_wiz_0_1 |      40.000 | {0.000 20.000} |          87 |        0 |              0 |        0 | design_1_i/My_Lab2_0/U0/My_Lab2_slave_lite_v1_0_S00_AXI_inst/lab2_component/datapath/video_inst/mmcm_adv_inst_display_clocks/inst/clk_out1 |
+-----------+-----------------+-------------------+----------------------+-------------+----------------+-------------+----------+----------------+----------+--------------------------------------------------------------------------------------------------------------------------------------------+
* Slice Loads column represents load cell count of all cell types other than IO, GT and clock resources
** IO Loads column represents load cell count of IO types
*** Clocking Loads column represents load cell count that are clock resources (global clock buffer, MMCM, PLL, etc)
**** GT Loads column represents load cell count of GT types


+----+----+-----+-----------------------+
|    | X0 | X1  | HORIZONTAL PROG DELAY |
+----+----+-----+-----------------------+
| Y4 |  0 |   0 |                     - |
| Y3 |  0 |   0 |                     - |
| Y2 |  0 |  87 |                     0 |
| Y1 |  0 |   0 |                     - |
| Y0 |  0 |   0 |                     - |
+----+----+-----+-----------------------+


11. Device Cell Placement Summary for Global Clock g4
-----------------------------------------------------

+-----------+-----------------+-------------------+-------------------------------+-------------+---------------+-------------+----------+----------------+----------+------------------------------------+
| Global Id | Driver Type/Pin | Driver Region (D) | Clock                         | Period (ns) | Waveform (ns) | Slice Loads | IO Loads | Clocking Loads | GT Loads | Net                                |
+-----------+-----------------+-------------------+-------------------------------+-------------+---------------+-------------+----------+----------------+----------+------------------------------------+
| g4        | BUFG/O          | n/a               | clk_out2_design_1_clk_wiz_1_0 |       5.000 | {0.000 2.500} |          62 |        0 |              0 |        0 | design_1_i/clk_wiz_1/inst/clk_out2 |
+-----------+-----------------+-------------------+-------------------------------+-------------+---------------+-------------+----------+----------------+----------+------------------------------------+
* Slice Loads column represents load cell count of all cell types other than IO, GT and clock resources
** IO Loads column represents load cell count of IO types
*** Clocking Loads column represents load cell count that are clock resources (global clock buffer, MMCM, PLL, etc)
**** GT Loads column represents load cell count of GT types


+----+-----+-----+-----------------------+
|    | X0  | X1  | HORIZONTAL PROG DELAY |
+----+-----+-----+-----------------------+
| Y4 |   0 |   0 |                     - |
| Y3 |  46 |  16 |                     0 |
| Y2 |   0 |   0 |                     - |
| Y1 |   0 |   0 |                     - |
| Y0 |   0 |   0 |                     - |
+----+-----+-----+-----------------------+


12. Device Cell Placement Summary for Global Clock g5
-----------------------------------------------------

+-----------+-----------------+-------------------+----------------------+-------------+---------------+-------------+----------+----------------+----------+--------------------------------------------------------------------------------------------------------------------------------------------+
| Global Id | Driver Type/Pin | Driver Region (D) | Clock                | Period (ns) | Waveform (ns) | Slice Loads | IO Loads | Clocking Loads | GT Loads | Net                                                                                                                                        |
+-----------+-----------------+-------------------+----------------------+-------------+---------------+-------------+----------+----------------+----------+--------------------------------------------------------------------------------------------------------------------------------------------+
| g5        | BUFG/O          | n/a               | clk_out2_clk_wiz_0_1 |       8.000 | {0.000 4.000} |          44 |        0 |              0 |        0 | design_1_i/My_Lab2_0/U0/My_Lab2_slave_lite_v1_0_S00_AXI_inst/lab2_component/datapath/video_inst/mmcm_adv_inst_display_clocks/inst/clk_out2 |
+-----------+-----------------+-------------------+----------------------+-------------+---------------+-------------+----------+----------------+----------+--------------------------------------------------------------------------------------------------------------------------------------------+
* Slice Loads column represents load cell count of all cell types other than IO, GT and clock resources
** IO Loads column represents load cell count of IO types
*** Clocking Loads column represents load cell count that are clock resources (global clock buffer, MMCM, PLL, etc)
**** GT Loads column represents load cell count of GT types


+----+----+-----+-----------------------+
|    | X0 | X1  | HORIZONTAL PROG DELAY |
+----+----+-----+-----------------------+
| Y4 |  0 |   0 |                     - |
| Y3 |  0 |   0 |                     - |
| Y2 |  0 |  44 |                     0 |
| Y1 |  0 |   0 |                     - |
| Y0 |  0 |   0 |                     - |
+----+----+-----+-----------------------+


13. Device Cell Placement Summary for Global Clock g6
-----------------------------------------------------

+-----------+-----------------+-------------------+------------------------------------------------------------+-------------+----------------+-------------+----------+----------------+----------+------------------------------------------------------+
| Global Id | Driver Type/Pin | Driver Region (D) | Clock                                                      | Period (ns) | Waveform (ns)  | Slice Loads | IO Loads | Clocking Loads | GT Loads | Net                                                  |
+-----------+-----------------+-------------------+------------------------------------------------------------+-------------+----------------+-------------+----------+----------------+----------+------------------------------------------------------+
| g6        | BUFG/O          | n/a               | design_1_i/mdm_1/U0/Use_E2.BSCAN_I/Use_E2.BSCANE2_I/UPDATE |      33.333 | {0.000 16.667} |          40 |        0 |              0 |        0 | design_1_i/mdm_1/U0/Use_E2.BSCAN_I/Dbg_Update_0_BUFG |
+-----------+-----------------+-------------------+------------------------------------------------------------+-------------+----------------+-------------+----------+----------------+----------+------------------------------------------------------+
* Slice Loads column represents load cell count of all cell types other than IO, GT and clock resources
** IO Loads column represents load cell count of IO types
*** Clocking Loads column represents load cell count that are clock resources (global clock buffer, MMCM, PLL, etc)
**** GT Loads column represents load cell count of GT types


+----+-----+----+-----------------------+
|    | X0  | X1 | HORIZONTAL PROG DELAY |
+----+-----+----+-----------------------+
| Y4 |   0 |  0 |                     - |
| Y3 |   0 |  0 |                     - |
| Y2 |  34 |  6 |                     0 |
| Y1 |   0 |  0 |                     - |
| Y0 |   0 |  0 |                     - |
+----+-----+----+-----------------------+


14. Device Cell Placement Summary for Global Clock g7
-----------------------------------------------------

+-----------+-----------------+-------------------+-------+-------------+---------------+-------------+----------+----------------+----------+---------------------------------------+
| Global Id | Driver Type/Pin | Driver Region (D) | Clock | Period (ns) | Waveform (ns) | Slice Loads | IO Loads | Clocking Loads | GT Loads | Net                                   |
+-----------+-----------------+-------------------+-------+-------------+---------------+-------------+----------+----------------+----------+---------------------------------------+
| g7        | BUFG/O          | n/a               |       |             |               |           0 |        0 |              2 |        0 | design_1_i/util_ds_buf_0/U0/BUFG_O[0] |
+-----------+-----------------+-------------------+-------+-------------+---------------+-------------+----------+----------------+----------+---------------------------------------+
* Slice Loads column represents load cell count of all cell types other than IO, GT and clock resources
** IO Loads column represents load cell count of IO types
*** Clocking Loads column represents load cell count that are clock resources (global clock buffer, MMCM, PLL, etc)
**** GT Loads column represents load cell count of GT types


+----+----+----+-----------------------+
|    | X0 | X1 | HORIZONTAL PROG DELAY |
+----+----+----+-----------------------+
| Y4 |  0 |  0 |                     - |
| Y3 |  0 |  1 |                     0 |
| Y2 |  0 |  0 |                     - |
| Y1 |  0 |  0 |                     - |
| Y0 |  0 |  1 |                     0 |
+----+----+----+-----------------------+


15. Device Cell Placement Summary for Global Clock g8
-----------------------------------------------------

+-----------+-----------------+-------------------+----------------------+-------------+---------------+-------------+----------+----------------+----------+------------------------------------------------------------------------------------------------------------------------------------------------------+
| Global Id | Driver Type/Pin | Driver Region (D) | Clock                | Period (ns) | Waveform (ns) | Slice Loads | IO Loads | Clocking Loads | GT Loads | Net                                                                                                                                                  |
+-----------+-----------------+-------------------+----------------------+-------------+---------------+-------------+----------+----------------+----------+------------------------------------------------------------------------------------------------------------------------------------------------------+
| g8        | BUFG/O          | n/a               | clkfbout_clk_wiz_1_1 |      10.000 | {0.000 5.000} |           0 |        0 |              1 |        0 | design_1_i/My_Lab2_0/U0/My_Lab2_slave_lite_v1_0_S00_AXI_inst/lab2_component/datapath/Audio_Codec/audiocodec_master_clock/inst/clkfbout_buf_clk_wiz_1 |
+-----------+-----------------+-------------------+----------------------+-------------+---------------+-------------+----------+----------------+----------+------------------------------------------------------------------------------------------------------------------------------------------------------+
* Slice Loads column represents load cell count of all cell types other than IO, GT and clock resources
** IO Loads column represents load cell count of IO types
*** Clocking Loads column represents load cell count that are clock resources (global clock buffer, MMCM, PLL, etc)
**** GT Loads column represents load cell count of GT types


+----+----+----+-----------------------+
|    | X0 | X1 | HORIZONTAL PROG DELAY |
+----+----+----+-----------------------+
| Y4 |  0 |  0 |                     - |
| Y3 |  0 |  0 |                     - |
| Y2 |  0 |  1 |                     0 |
| Y1 |  0 |  0 |                     - |
| Y0 |  0 |  0 |                     - |
+----+----+----+-----------------------+


16. Device Cell Placement Summary for Global Clock g9
-----------------------------------------------------

+-----------+-----------------+-------------------+----------------------+-------------+---------------+-------------+----------+----------------+----------+----------------------------------------------------------------------------------------------------------------------------------------------------------+
| Global Id | Driver Type/Pin | Driver Region (D) | Clock                | Period (ns) | Waveform (ns) | Slice Loads | IO Loads | Clocking Loads | GT Loads | Net                                                                                                                                                      |
+-----------+-----------------+-------------------+----------------------+-------------+---------------+-------------+----------+----------------+----------+----------------------------------------------------------------------------------------------------------------------------------------------------------+
| g9        | BUFG/O          | n/a               | clkfbout_clk_wiz_0_1 |      10.000 | {0.000 5.000} |           0 |        0 |              1 |        0 | design_1_i/My_Lab2_0/U0/My_Lab2_slave_lite_v1_0_S00_AXI_inst/lab2_component/datapath/video_inst/mmcm_adv_inst_display_clocks/inst/clkfbout_buf_clk_wiz_0 |
+-----------+-----------------+-------------------+----------------------+-------------+---------------+-------------+----------+----------------+----------+----------------------------------------------------------------------------------------------------------------------------------------------------------+
* Slice Loads column represents load cell count of all cell types other than IO, GT and clock resources
** IO Loads column represents load cell count of IO types
*** Clocking Loads column represents load cell count that are clock resources (global clock buffer, MMCM, PLL, etc)
**** GT Loads column represents load cell count of GT types


+----+----+----+-----------------------+
|    | X0 | X1 | HORIZONTAL PROG DELAY |
+----+----+----+-----------------------+
| Y4 |  0 |  0 |                     - |
| Y3 |  0 |  0 |                     - |
| Y2 |  1 |  0 |                     0 |
| Y1 |  0 |  0 |                     - |
| Y0 |  0 |  0 |                     - |
+----+----+----+-----------------------+


17. Device Cell Placement Summary for Global Clock g10
------------------------------------------------------

+-----------+-----------------+-------------------+-------------------------------+-------------+---------------+-------------+----------+----------------+----------+-------------------------------------------------------------+
| Global Id | Driver Type/Pin | Driver Region (D) | Clock                         | Period (ns) | Waveform (ns) | Slice Loads | IO Loads | Clocking Loads | GT Loads | Net                                                         |
+-----------+-----------------+-------------------+-------------------------------+-------------+---------------+-------------+----------+----------------+----------+-------------------------------------------------------------+
| g10       | BUFG/O          | n/a               | clkfbout_design_1_clk_wiz_1_0 |      10.000 | {0.000 5.000} |           0 |        0 |              1 |        0 | design_1_i/clk_wiz_1/inst/clkfbout_buf_design_1_clk_wiz_1_0 |
+-----------+-----------------+-------------------+-------------------------------+-------------+---------------+-------------+----------+----------------+----------+-------------------------------------------------------------+
* Slice Loads column represents load cell count of all cell types other than IO, GT and clock resources
** IO Loads column represents load cell count of IO types
*** Clocking Loads column represents load cell count that are clock resources (global clock buffer, MMCM, PLL, etc)
**** GT Loads column represents load cell count of GT types


+----+----+----+-----------------------+
|    | X0 | X1 | HORIZONTAL PROG DELAY |
+----+----+----+-----------------------+
| Y4 |  0 |  0 |                     - |
| Y3 |  0 |  0 |                     - |
| Y2 |  0 |  0 |                     - |
| Y1 |  0 |  0 |                     - |
| Y0 |  0 |  1 |                     0 |
+----+----+----+-----------------------+


18. Device Cell Placement Summary for Global Clock g11
------------------------------------------------------

+-----------+-----------------+-------------------+-------+-------------+---------------+-------------+----------+----------------+----------+----------------------------------------------------------------------------------------+
| Global Id | Driver Type/Pin | Driver Region (D) | Clock | Period (ns) | Waveform (ns) | Slice Loads | IO Loads | Clocking Loads | GT Loads | Net                                                                                    |
+-----------+-----------------+-------------------+-------+-------------+---------------+-------------+----------+----------------+----------+----------------------------------------------------------------------------------------+
| g11       | BUFH/O          | X1Y3              |       |             |               |           0 |        0 |              1 |        0 | design_1_i/mig_7series_0/u_design_1_mig_7series_0_0_mig/u_ddr3_infrastructure/pll_clk3 |
+-----------+-----------------+-------------------+-------+-------------+---------------+-------------+----------+----------------+----------+----------------------------------------------------------------------------------------+
* Slice Loads column represents load cell count of all cell types other than IO, GT and clock resources
** IO Loads column represents load cell count of IO types
*** Clocking Loads column represents load cell count that are clock resources (global clock buffer, MMCM, PLL, etc)
**** GT Loads column represents load cell count of GT types


+----+----+--------+-----------------------+
|    | X0 | X1     | HORIZONTAL PROG DELAY |
+----+----+--------+-----------------------+
| Y4 |  0 |      0 |                     - |
| Y3 |  0 |  (D) 1 |                     0 |
| Y2 |  0 |      0 |                     - |
| Y1 |  0 |      0 |                     - |
| Y0 |  0 |      0 |                     - |
+----+----+--------+-----------------------+


19. Device Cell Placement Summary for Global Clock g12
------------------------------------------------------

+-----------+-----------------+-------------------+----------------------+-------------+----------------+-------------+----------+----------------+----------+----------------------------------------------------------------------------------------------------------------------------------------+
| Global Id | Driver Type/Pin | Driver Region (D) | Clock                | Period (ns) | Waveform (ns)  | Slice Loads | IO Loads | Clocking Loads | GT Loads | Net                                                                                                                                    |
+-----------+-----------------+-------------------+----------------------+-------------+----------------+-------------+----------+----------------+----------+----------------------------------------------------------------------------------------------------------------------------------------+
| g12       | BUFG/O          | n/a               | clk_out1_clk_wiz_1_1 |      81.375 | {0.000 40.688} |           0 |        1 |              0 |        0 | design_1_i/My_Lab2_0/U0/My_Lab2_slave_lite_v1_0_S00_AXI_inst/lab2_component/datapath/Audio_Codec/audiocodec_master_clock/inst/clk_out1 |
+-----------+-----------------+-------------------+----------------------+-------------+----------------+-------------+----------+----------------+----------+----------------------------------------------------------------------------------------------------------------------------------------+
* Slice Loads column represents load cell count of all cell types other than IO, GT and clock resources
** IO Loads column represents load cell count of IO types
*** Clocking Loads column represents load cell count that are clock resources (global clock buffer, MMCM, PLL, etc)
**** GT Loads column represents load cell count of GT types


+----+----+----+-----------------------+
|    | X0 | X1 | HORIZONTAL PROG DELAY |
+----+----+----+-----------------------+
| Y4 |  0 |  0 |                     - |
| Y3 |  0 |  0 |                     - |
| Y2 |  0 |  1 |                     0 |
| Y1 |  0 |  0 |                     - |
| Y0 |  0 |  0 |                     - |
+----+----+----+-----------------------+


20. Clock Region Cell Placement per Global Clock: Region X1Y0
-------------------------------------------------------------

+-----------+-------+-----------------+------------+-------------+-----------------+----+-------------+------+-----+----+------+-----+---------+-------------------------------------------------------------+
| Global Id | Track | Driver Type/Pin | Constraint | Clock Loads | Non-Clock Loads | FF | Memory LUTs | RAMB | DSP | GT | MMCM | PLL | Hard IP | Net                                                         |
+-----------+-------+-----------------+------------+-------------+-----------------+----+-------------+------+-----+----+------+-----+---------+-------------------------------------------------------------+
| g7        | n/a   | BUFG/O          | None       |           1 |               0 |  0 |           0 |    0 |   0 |  0 |    1 |   0 |       0 | design_1_i/util_ds_buf_0/U0/BUFG_O[0]                       |
| g10       | n/a   | BUFG/O          | None       |           1 |               0 |  0 |           0 |    0 |   0 |  0 |    1 |   0 |       0 | design_1_i/clk_wiz_1/inst/clkfbout_buf_design_1_clk_wiz_1_0 |
+-----------+-------+-----------------+------------+-------------+-----------------+----+-------------+------+-----+----+------+-----+---------+-------------------------------------------------------------+
* Clock Loads column represents cell count of net connects that connect to a clock pin. Internal cell leaf pins are not considered
** Non-Clock Loads column represents cell count of non-clock pin loads
*** Columns FF, LUTRAM, RAMB through 'Hard IP' represents load cell counts


21. Clock Region Cell Placement per Global Clock: Region X0Y1
-------------------------------------------------------------

+-----------+-------+-----------------+------------+-------------+-----------------+----+-------------+------+-----+----+------+-----+---------+------------------------------------+
| Global Id | Track | Driver Type/Pin | Constraint | Clock Loads | Non-Clock Loads | FF | Memory LUTs | RAMB | DSP | GT | MMCM | PLL | Hard IP | Net                                |
+-----------+-------+-----------------+------------+-------------+-----------------+----+-------------+------+-----+----+------+-----+---------+------------------------------------+
| g1        | n/a   | BUFG/O          | None       |           1 |               0 |  0 |           0 |    1 |   0 |  0 |    0 |   0 |       0 | design_1_i/clk_wiz_1/inst/clk_out1 |
+-----------+-------+-----------------+------------+-------------+-----------------+----+-------------+------+-----+----+------+-----+---------+------------------------------------+
* Clock Loads column represents cell count of net connects that connect to a clock pin. Internal cell leaf pins are not considered
** Non-Clock Loads column represents cell count of non-clock pin loads
*** Columns FF, LUTRAM, RAMB through 'Hard IP' represents load cell counts


22. Clock Region Cell Placement per Global Clock: Region X1Y1
-------------------------------------------------------------

+-----------+-------+-----------------+------------+-------------+-----------------+-----+-------------+------+-----+----+------+-----+---------+------------------------------------+
| Global Id | Track | Driver Type/Pin | Constraint | Clock Loads | Non-Clock Loads | FF  | Memory LUTs | RAMB | DSP | GT | MMCM | PLL | Hard IP | Net                                |
+-----------+-------+-----------------+------------+-------------+-----------------+-----+-------------+------+-----+----+------+-----+---------+------------------------------------+
| g1        | n/a   | BUFG/O          | None       |         441 |               0 | 424 |          13 |    3 |   0 |  0 |    0 |   0 |       0 | design_1_i/clk_wiz_1/inst/clk_out1 |
+-----------+-------+-----------------+------------+-------------+-----------------+-----+-------------+------+-----+----+------+-----+---------+------------------------------------+
* Clock Loads column represents cell count of net connects that connect to a clock pin. Internal cell leaf pins are not considered
** Non-Clock Loads column represents cell count of non-clock pin loads
*** Columns FF, LUTRAM, RAMB through 'Hard IP' represents load cell counts


23. Clock Region Cell Placement per Global Clock: Region X0Y2
-------------------------------------------------------------

+-----------+-------+-----------------+------------+-------------+-----------------+-----+-------------+------+-----+----+------+-----+---------+----------------------------------------------------------------------------------------------------------------------------------------------------------+
| Global Id | Track | Driver Type/Pin | Constraint | Clock Loads | Non-Clock Loads | FF  | Memory LUTs | RAMB | DSP | GT | MMCM | PLL | Hard IP | Net                                                                                                                                                      |
+-----------+-------+-----------------+------------+-------------+-----------------+-----+-------------+------+-----+----+------+-----+---------+----------------------------------------------------------------------------------------------------------------------------------------------------------+
| g0        | n/a   | BUFG/O          | None       |          43 |               0 |  41 |           2 |    0 |   0 |  0 |    0 |   0 |       0 | design_1_i/mig_7series_0/u_design_1_mig_7series_0_0_mig/u_ddr3_infrastructure/CLK                                                                        |
| g1        | n/a   | BUFG/O          | None       |         167 |               0 | 161 |           0 |    5 |   0 |  0 |    1 |   0 |       0 | design_1_i/clk_wiz_1/inst/clk_out1                                                                                                                       |
| g2        | n/a   | BUFG/O          | None       |         114 |               0 | 111 |           3 |    0 |   0 |  0 |    0 |   0 |       0 | design_1_i/mdm_1/U0/No_Dbg_Reg_Access.BUFG_DRCK/Dbg_Clk_0                                                                                                |
| g6        | n/a   | BUFG/O          | None       |          33 |               1 |  33 |           0 |    0 |   0 |  0 |    0 |   0 |       0 | design_1_i/mdm_1/U0/Use_E2.BSCAN_I/Dbg_Update_0_BUFG                                                                                                     |
| g9        | n/a   | BUFG/O          | None       |           1 |               0 |   0 |           0 |    0 |   0 |  0 |    1 |   0 |       0 | design_1_i/My_Lab2_0/U0/My_Lab2_slave_lite_v1_0_S00_AXI_inst/lab2_component/datapath/video_inst/mmcm_adv_inst_display_clocks/inst/clkfbout_buf_clk_wiz_0 |
+-----------+-------+-----------------+------------+-------------+-----------------+-----+-------------+------+-----+----+------+-----+---------+----------------------------------------------------------------------------------------------------------------------------------------------------------+
* Clock Loads column represents cell count of net connects that connect to a clock pin. Internal cell leaf pins are not considered
** Non-Clock Loads column represents cell count of non-clock pin loads
*** Columns FF, LUTRAM, RAMB through 'Hard IP' represents load cell counts


24. Clock Region Cell Placement per Global Clock: Region X1Y2
-------------------------------------------------------------

+-----------+-------+-----------------+------------+-------------+-----------------+------+-------------+------+-----+----+------+-----+---------+------------------------------------------------------------------------------------------------------------------------------------------------------+
| Global Id | Track | Driver Type/Pin | Constraint | Clock Loads | Non-Clock Loads | FF   | Memory LUTs | RAMB | DSP | GT | MMCM | PLL | Hard IP | Net                                                                                                                                                  |
+-----------+-------+-----------------+------------+-------------+-----------------+------+-------------+------+-----+----+------+-----+---------+------------------------------------------------------------------------------------------------------------------------------------------------------+
| g0        | n/a   | BUFG/O          | None       |        2240 |               0 | 2175 |          65 |    0 |   0 |  0 |    0 |   0 |       0 | design_1_i/mig_7series_0/u_design_1_mig_7series_0_0_mig/u_ddr3_infrastructure/CLK                                                                    |
| g1        | n/a   | BUFG/O          | None       |        5447 |               0 | 5145 |         289 |   11 |   0 |  0 |    1 |   0 |       0 | design_1_i/clk_wiz_1/inst/clk_out1                                                                                                                   |
| g2        | n/a   | BUFG/O          | None       |         120 |               0 |   99 |          21 |    0 |   0 |  0 |    0 |   0 |       0 | design_1_i/mdm_1/U0/No_Dbg_Reg_Access.BUFG_DRCK/Dbg_Clk_0                                                                                            |
| g3        | n/a   | BUFG/O          | None       |          87 |               0 |   87 |           0 |    0 |   0 |  0 |    0 |   0 |       0 | design_1_i/My_Lab2_0/U0/My_Lab2_slave_lite_v1_0_S00_AXI_inst/lab2_component/datapath/video_inst/mmcm_adv_inst_display_clocks/inst/clk_out1           |
| g5        | n/a   | BUFG/O          | None       |          44 |               0 |   40 |           0 |    0 |   0 |  0 |    0 |   0 |       0 | design_1_i/My_Lab2_0/U0/My_Lab2_slave_lite_v1_0_S00_AXI_inst/lab2_component/datapath/video_inst/mmcm_adv_inst_display_clocks/inst/clk_out2           |
| g6        | n/a   | BUFG/O          | None       |           6 |               0 |    6 |           0 |    0 |   0 |  0 |    0 |   0 |       0 | design_1_i/mdm_1/U0/Use_E2.BSCAN_I/Dbg_Update_0_BUFG                                                                                                 |
| g8        | n/a   | BUFG/O          | None       |           1 |               0 |    0 |           0 |    0 |   0 |  0 |    1 |   0 |       0 | design_1_i/My_Lab2_0/U0/My_Lab2_slave_lite_v1_0_S00_AXI_inst/lab2_component/datapath/Audio_Codec/audiocodec_master_clock/inst/clkfbout_buf_clk_wiz_1 |
| g12       | n/a   | BUFG/O          | None       |           0 |               1 |    0 |           0 |    0 |   0 |  0 |    0 |   0 |       0 | design_1_i/My_Lab2_0/U0/My_Lab2_slave_lite_v1_0_S00_AXI_inst/lab2_component/datapath/Audio_Codec/audiocodec_master_clock/inst/clk_out1               |
+-----------+-------+-----------------+------------+-------------+-----------------+------+-------------+------+-----+----+------+-----+---------+------------------------------------------------------------------------------------------------------------------------------------------------------+
* Clock Loads column represents cell count of net connects that connect to a clock pin. Internal cell leaf pins are not considered
** Non-Clock Loads column represents cell count of non-clock pin loads
*** Columns FF, LUTRAM, RAMB through 'Hard IP' represents load cell counts


25. Clock Region Cell Placement per Global Clock: Region X0Y3
-------------------------------------------------------------

+-----------+-------+-----------------+------------+-------------+-----------------+-----+-------------+------+-----+----+------+-----+---------+-----------------------------------------------------------------------------------+
| Global Id | Track | Driver Type/Pin | Constraint | Clock Loads | Non-Clock Loads | FF  | Memory LUTs | RAMB | DSP | GT | MMCM | PLL | Hard IP | Net                                                                               |
+-----------+-------+-----------------+------------+-------------+-----------------+-----+-------------+------+-----+----+------+-----+---------+-----------------------------------------------------------------------------------+
| g0        | n/a   | BUFG/O          | None       |         305 |               0 | 305 |           0 |    0 |   0 |  0 |    0 |   0 |       0 | design_1_i/mig_7series_0/u_design_1_mig_7series_0_0_mig/u_ddr3_infrastructure/CLK |
| g4        | n/a   | BUFG/O          | None       |          46 |               0 |  45 |           0 |    0 |   0 |  0 |    0 |   0 |       0 | design_1_i/clk_wiz_1/inst/clk_out2                                                |
+-----------+-------+-----------------+------------+-------------+-----------------+-----+-------------+------+-----+----+------+-----+---------+-----------------------------------------------------------------------------------+
* Clock Loads column represents cell count of net connects that connect to a clock pin. Internal cell leaf pins are not considered
** Non-Clock Loads column represents cell count of non-clock pin loads
*** Columns FF, LUTRAM, RAMB through 'Hard IP' represents load cell counts


26. Clock Region Cell Placement per Global Clock: Region X1Y3
-------------------------------------------------------------

+-----------+-------+-----------------+------------+-------------+-----------------+------+-------------+------+-----+----+------+-----+---------+----------------------------------------------------------------------------------------+
| Global Id | Track | Driver Type/Pin | Constraint | Clock Loads | Non-Clock Loads | FF   | Memory LUTs | RAMB | DSP | GT | MMCM | PLL | Hard IP | Net                                                                                    |
+-----------+-------+-----------------+------------+-------------+-----------------+------+-------------+------+-----+----+------+-----+---------+----------------------------------------------------------------------------------------+
| g0        | n/a   | BUFG/O          | None       |        3976 |               0 | 3801 |         145 |    0 |   0 |  0 |    1 |   0 |       0 | design_1_i/mig_7series_0/u_design_1_mig_7series_0_0_mig/u_ddr3_infrastructure/CLK      |
| g4        | n/a   | BUFG/O          | None       |          16 |               0 |   15 |           0 |    0 |   0 |  0 |    0 |   0 |       0 | design_1_i/clk_wiz_1/inst/clk_out2                                                     |
| g7        | n/a   | BUFG/O          | None       |           1 |               0 |    0 |           0 |    0 |   0 |  0 |    0 |   1 |       0 | design_1_i/util_ds_buf_0/U0/BUFG_O[0]                                                  |
| g11       | n/a   | BUFH/O          | None       |           1 |               0 |    0 |           0 |    0 |   0 |  0 |    1 |   0 |       0 | design_1_i/mig_7series_0/u_design_1_mig_7series_0_0_mig/u_ddr3_infrastructure/pll_clk3 |
+-----------+-------+-----------------+------------+-------------+-----------------+------+-------------+------+-----+----+------+-----+---------+----------------------------------------------------------------------------------------+
* Clock Loads column represents cell count of net connects that connect to a clock pin. Internal cell leaf pins are not considered
** Non-Clock Loads column represents cell count of non-clock pin loads
*** Columns FF, LUTRAM, RAMB through 'Hard IP' represents load cell counts



# Location of BUFG Primitives 
set_property LOC BUFGCTRL_X0Y2 [get_cells design_1_i/util_ds_buf_0/U0/USE_BUFG.GEN_BUFG[0].BUFG_U]
set_property LOC BUFGCTRL_X0Y16 [get_cells design_1_i/mig_7series_0/u_design_1_mig_7series_0_0_mig/u_ddr3_infrastructure/u_bufg_clkdiv0]
set_property LOC BUFGCTRL_X0Y7 [get_cells design_1_i/mdm_1/U0/Use_E2.BSCAN_I/Dbg_Update_0_BUFG_inst]
set_property LOC BUFGCTRL_X0Y5 [get_cells design_1_i/mdm_1/U0/No_Dbg_Reg_Access.BUFG_DRCK/Using_FPGA.Native]
set_property LOC BUFGCTRL_X0Y10 [get_cells design_1_i/clk_wiz_1/inst/clkf_buf]
set_property LOC BUFGCTRL_X0Y0 [get_cells design_1_i/clk_wiz_1/inst/clkout2_buf]
set_property LOC BUFGCTRL_X0Y4 [get_cells design_1_i/clk_wiz_1/inst/clkout1_buf]
set_property LOC BUFGCTRL_X0Y9 [get_cells design_1_i/My_Lab2_0/U0/My_Lab2_slave_lite_v1_0_S00_AXI_inst/lab2_component/datapath/video_inst/mmcm_adv_inst_display_clocks/inst/clkf_buf]
set_property LOC BUFGCTRL_X0Y1 [get_cells design_1_i/My_Lab2_0/U0/My_Lab2_slave_lite_v1_0_S00_AXI_inst/lab2_component/datapath/video_inst/mmcm_adv_inst_display_clocks/inst/clkout2_buf]
set_property LOC BUFGCTRL_X0Y6 [get_cells design_1_i/My_Lab2_0/U0/My_Lab2_slave_lite_v1_0_S00_AXI_inst/lab2_component/datapath/video_inst/mmcm_adv_inst_display_clocks/inst/clkout1_buf]
set_property LOC BUFGCTRL_X0Y8 [get_cells design_1_i/My_Lab2_0/U0/My_Lab2_slave_lite_v1_0_S00_AXI_inst/lab2_component/datapath/Audio_Codec/audiocodec_master_clock/inst/clkf_buf]
set_property LOC BUFGCTRL_X0Y3 [get_cells design_1_i/My_Lab2_0/U0/My_Lab2_slave_lite_v1_0_S00_AXI_inst/lab2_component/datapath/Audio_Codec/audiocodec_master_clock/inst/clkout1_buf]

# Location of BUFH Primitives 
set_property LOC BUFHCE_X1Y36 [get_cells design_1_i/mig_7series_0/u_design_1_mig_7series_0_0_mig/u_ddr3_infrastructure/u_bufh_pll_clk3]

# Location of IO Primitives which is load of clock spine
set_property LOC IOB_X1Y118 [get_cells ac_mclk_OBUF_inst]

# Location of clock ports
set_property LOC IOB_X1Y124 [get_ports sys_clock]

# Clock net "design_1_i/mig_7series_0/u_design_1_mig_7series_0_0_mig/u_ddr3_infrastructure/CLK" driven by instance "design_1_i/mig_7series_0/u_design_1_mig_7series_0_0_mig/u_ddr3_infrastructure/u_bufg_clkdiv0" located at site "BUFGCTRL_X0Y16"
#startgroup
create_pblock {CLKAG_design_1_i/mig_7series_0/u_design_1_mig_7series_0_0_mig/u_ddr3_infrastructure/CLK}
add_cells_to_pblock [get_pblocks  {CLKAG_design_1_i/mig_7series_0/u_design_1_mig_7series_0_0_mig/u_ddr3_infrastructure/CLK}] [get_cells -filter { PRIMITIVE_GROUP != I/O && IS_PRIMITIVE==1 && PRIMITIVE_LEVEL !=INTERNAL && NAME!=design_1_i/mig_7series_0/u_design_1_mig_7series_0_0_mig/u_ddr3_infrastructure/gen_ui_extra_clocks.mmcm_i} -of_object [get_pins -filter {DIRECTION==IN} -of_objects [get_nets -hierarchical -filter {PARENT=="design_1_i/mig_7series_0/u_design_1_mig_7series_0_0_mig/u_ddr3_infrastructure/CLK"}]]]
resize_pblock [get_pblocks {CLKAG_design_1_i/mig_7series_0/u_design_1_mig_7series_0_0_mig/u_ddr3_infrastructure/CLK}] -add {CLOCKREGION_X0Y2:CLOCKREGION_X0Y2 CLOCKREGION_X0Y3:CLOCKREGION_X0Y3 CLOCKREGION_X1Y2:CLOCKREGION_X1Y2 CLOCKREGION_X1Y3:CLOCKREGION_X1Y3}
#endgroup

# Clock net "design_1_i/mdm_1/U0/Use_E2.BSCAN_I/Dbg_Update_0_BUFG" driven by instance "design_1_i/mdm_1/U0/Use_E2.BSCAN_I/Dbg_Update_0_BUFG_inst" located at site "BUFGCTRL_X0Y7"
#startgroup
create_pblock {CLKAG_design_1_i/mdm_1/U0/Use_E2.BSCAN_I/Dbg_Update_0_BUFG}
add_cells_to_pblock [get_pblocks  {CLKAG_design_1_i/mdm_1/U0/Use_E2.BSCAN_I/Dbg_Update_0_BUFG}] [get_cells -filter { PRIMITIVE_GROUP != I/O && IS_PRIMITIVE==1 && PRIMITIVE_LEVEL !=INTERNAL } -of_object [get_pins -filter {DIRECTION==IN} -of_objects [get_nets -hierarchical -filter {PARENT=="design_1_i/mdm_1/U0/Use_E2.BSCAN_I/Dbg_Update_0_BUFG"}]]]
resize_pblock [get_pblocks {CLKAG_design_1_i/mdm_1/U0/Use_E2.BSCAN_I/Dbg_Update_0_BUFG}] -add {CLOCKREGION_X0Y2:CLOCKREGION_X0Y2 CLOCKREGION_X1Y2:CLOCKREGION_X1Y2}
#endgroup

# Clock net "design_1_i/mdm_1/U0/No_Dbg_Reg_Access.BUFG_DRCK/Dbg_Clk_0" driven by instance "design_1_i/mdm_1/U0/No_Dbg_Reg_Access.BUFG_DRCK/Using_FPGA.Native" located at site "BUFGCTRL_X0Y5"
#startgroup
create_pblock {CLKAG_design_1_i/mdm_1/U0/No_Dbg_Reg_Access.BUFG_DRCK/Dbg_Clk_0}
add_cells_to_pblock [get_pblocks  {CLKAG_design_1_i/mdm_1/U0/No_Dbg_Reg_Access.BUFG_DRCK/Dbg_Clk_0}] [get_cells -filter { PRIMITIVE_GROUP != I/O && IS_PRIMITIVE==1 && PRIMITIVE_LEVEL !=INTERNAL } -of_object [get_pins -filter {DIRECTION==IN} -of_objects [get_nets -hierarchical -filter {PARENT=="design_1_i/mdm_1/U0/No_Dbg_Reg_Access.BUFG_DRCK/Dbg_Clk_0"}]]]
resize_pblock [get_pblocks {CLKAG_design_1_i/mdm_1/U0/No_Dbg_Reg_Access.BUFG_DRCK/Dbg_Clk_0}] -add {CLOCKREGION_X0Y2:CLOCKREGION_X0Y2 CLOCKREGION_X1Y2:CLOCKREGION_X1Y2}
#endgroup

# Clock net "design_1_i/clk_wiz_1/inst/clk_out2" driven by instance "design_1_i/clk_wiz_1/inst/clkout2_buf" located at site "BUFGCTRL_X0Y0"
#startgroup
create_pblock {CLKAG_design_1_i/clk_wiz_1/inst/clk_out2}
add_cells_to_pblock [get_pblocks  {CLKAG_design_1_i/clk_wiz_1/inst/clk_out2}] [get_cells -filter { PRIMITIVE_GROUP != I/O && IS_PRIMITIVE==1 && PRIMITIVE_LEVEL !=INTERNAL } -of_object [get_pins -filter {DIRECTION==IN} -of_objects [get_nets -hierarchical -filter {PARENT=="design_1_i/clk_wiz_1/inst/clk_out2"}]]]
resize_pblock [get_pblocks {CLKAG_design_1_i/clk_wiz_1/inst/clk_out2}] -add {CLOCKREGION_X0Y3:CLOCKREGION_X0Y3 CLOCKREGION_X1Y3:CLOCKREGION_X1Y3}
#endgroup

# Clock net "design_1_i/clk_wiz_1/inst/clk_out1" driven by instance "design_1_i/clk_wiz_1/inst/clkout1_buf" located at site "BUFGCTRL_X0Y4"
#startgroup
create_pblock {CLKAG_design_1_i/clk_wiz_1/inst/clk_out1}
add_cells_to_pblock [get_pblocks  {CLKAG_design_1_i/clk_wiz_1/inst/clk_out1}] [get_cells -filter { PRIMITIVE_GROUP != I/O && IS_PRIMITIVE==1 && PRIMITIVE_LEVEL !=INTERNAL && NAME!=design_1_i/My_Lab2_0/U0/My_Lab2_slave_lite_v1_0_S00_AXI_inst/lab2_component/datapath/video_inst/mmcm_adv_inst_display_clocks/inst/mmcm_adv_inst && NAME!=design_1_i/My_Lab2_0/U0/My_Lab2_slave_lite_v1_0_S00_AXI_inst/lab2_component/datapath/Audio_Codec/audiocodec_master_clock/inst/mmcm_adv_inst} -of_object [get_pins -filter {DIRECTION==IN} -of_objects [get_nets -hierarchical -filter {PARENT=="design_1_i/clk_wiz_1/inst/clk_out1"}]]]
resize_pblock [get_pblocks {CLKAG_design_1_i/clk_wiz_1/inst/clk_out1}] -add {CLOCKREGION_X0Y1:CLOCKREGION_X0Y1 CLOCKREGION_X0Y2:CLOCKREGION_X0Y2 CLOCKREGION_X1Y1:CLOCKREGION_X1Y1 CLOCKREGION_X1Y2:CLOCKREGION_X1Y2}
#endgroup

# Clock net "design_1_i/My_Lab2_0/U0/My_Lab2_slave_lite_v1_0_S00_AXI_inst/lab2_component/datapath/video_inst/mmcm_adv_inst_display_clocks/inst/clk_out2" driven by instance "design_1_i/My_Lab2_0/U0/My_Lab2_slave_lite_v1_0_S00_AXI_inst/lab2_component/datapath/video_inst/mmcm_adv_inst_display_clocks/inst/clkout2_buf" located at site "BUFGCTRL_X0Y1"
#startgroup
create_pblock {CLKAG_design_1_i/My_Lab2_0/U0/My_Lab2_slave_lite_v1_0_S00_AXI_inst/lab2_component/datapath/video_inst/mmcm_adv_inst_display_clocks/inst/clk_out2}
add_cells_to_pblock [get_pblocks  {CLKAG_design_1_i/My_Lab2_0/U0/My_Lab2_slave_lite_v1_0_S00_AXI_inst/lab2_component/datapath/video_inst/mmcm_adv_inst_display_clocks/inst/clk_out2}] [get_cells -filter { PRIMITIVE_GROUP != I/O && IS_PRIMITIVE==1 && PRIMITIVE_LEVEL !=INTERNAL } -of_object [get_pins -filter {DIRECTION==IN} -of_objects [get_nets -hierarchical -filter {PARENT=="design_1_i/My_Lab2_0/U0/My_Lab2_slave_lite_v1_0_S00_AXI_inst/lab2_component/datapath/video_inst/mmcm_adv_inst_display_clocks/inst/clk_out2"}]]]
resize_pblock [get_pblocks {CLKAG_design_1_i/My_Lab2_0/U0/My_Lab2_slave_lite_v1_0_S00_AXI_inst/lab2_component/datapath/video_inst/mmcm_adv_inst_display_clocks/inst/clk_out2}] -add {CLOCKREGION_X1Y2:CLOCKREGION_X1Y2}
#endgroup

# Clock net "design_1_i/My_Lab2_0/U0/My_Lab2_slave_lite_v1_0_S00_AXI_inst/lab2_component/datapath/video_inst/mmcm_adv_inst_display_clocks/inst/clk_out1" driven by instance "design_1_i/My_Lab2_0/U0/My_Lab2_slave_lite_v1_0_S00_AXI_inst/lab2_component/datapath/video_inst/mmcm_adv_inst_display_clocks/inst/clkout1_buf" located at site "BUFGCTRL_X0Y6"
#startgroup
create_pblock {CLKAG_design_1_i/My_Lab2_0/U0/My_Lab2_slave_lite_v1_0_S00_AXI_inst/lab2_component/datapath/video_inst/mmcm_adv_inst_display_clocks/inst/clk_out1}
add_cells_to_pblock [get_pblocks  {CLKAG_design_1_i/My_Lab2_0/U0/My_Lab2_slave_lite_v1_0_S00_AXI_inst/lab2_component/datapath/video_inst/mmcm_adv_inst_display_clocks/inst/clk_out1}] [get_cells -filter { PRIMITIVE_GROUP != I/O && IS_PRIMITIVE==1 && PRIMITIVE_LEVEL !=INTERNAL } -of_object [get_pins -filter {DIRECTION==IN} -of_objects [get_nets -hierarchical -filter {PARENT=="design_1_i/My_Lab2_0/U0/My_Lab2_slave_lite_v1_0_S00_AXI_inst/lab2_component/datapath/video_inst/mmcm_adv_inst_display_clocks/inst/clk_out1"}]]]
resize_pblock [get_pblocks {CLKAG_design_1_i/My_Lab2_0/U0/My_Lab2_slave_lite_v1_0_S00_AXI_inst/lab2_component/datapath/video_inst/mmcm_adv_inst_display_clocks/inst/clk_out1}] -add {CLOCKREGION_X1Y2:CLOCKREGION_X1Y2}
#endgroup
